// Jest Snapshot v1, https://goo.gl/fbAQLP

exports[`index should expose the expected entries 1`] = `
Object {
  "DynamoDbDriver": [Function],
  "Flickr": Object {
    "API": [Function],
    "PhotoSize": Object {
      "LargeSquare": "q",
      "Medium500": "",
      "Medium640": "z",
      "Small240": "m",
      "Small320": "n",
      "SmallSquare": "s",
      "Thumbnail": "t",
    },
  },
  "LambdaDriver": [Function],
  "S3Driver": [Function],
  "SqsDriver": [Function],
}
`;
