// Jest Snapshot v1, https://goo.gl/fbAQLP

exports[`index should expose the expected entries 1`] = `
Object {
  "DynamoDbDriver": [Function],
  "Erathostenes": Object {
    "Dynamo": [Function],
    "Lambda": [Function],
    "S3": [Function],
    "Sqs": [Function],
  },
  "LambdaDriver": [Function],
  "S3Driver": [Function],
  "SqsDriver": [Function],
}
`;
